------------------------------------------------------------
Timing Analyzer Summary
------------------------------------------------------------

Type  : Slow 1100mV 85C Model Setup 'IMAGE_CONTROL|CLOCK_BLOCK|pll_40mhz_inst|altera_pll_i|general[0].gpll~PLL_OUTPUT_COUNTER|divclk'
Slack : -26.500
TNS   : -393.345

Type  : Slow 1100mV 85C Model Hold 'IMAGE_CONTROL|CLOCK_BLOCK|pll_40mhz_inst|altera_pll_i|general[0].gpll~PLL_OUTPUT_COUNTER|divclk'
Slack : 0.334
TNS   : 0.000

Type  : Slow 1100mV 85C Model Minimum Pulse Width 'IMAGE_CONTROL|CLOCK_BLOCK|pll_40mhz_inst|altera_pll_i|general[0].gpll~FRACTIONAL_PLL|vcoph[0]'
Slack : 1.562
TNS   : 0.000

Type  : Slow 1100mV 85C Model Minimum Pulse Width 'IN_CLK'
Slack : 9.900
TNS   : 0.000

Type  : Slow 1100mV 85C Model Minimum Pulse Width 'IMAGE_CONTROL|CLOCK_BLOCK|pll_40mhz_inst|altera_pll_i|general[0].gpll~PLL_OUTPUT_COUNTER|divclk'
Slack : 11.259
TNS   : 0.000

Type  : Slow 1100mV 0C Model Setup 'IMAGE_CONTROL|CLOCK_BLOCK|pll_40mhz_inst|altera_pll_i|general[0].gpll~PLL_OUTPUT_COUNTER|divclk'
Slack : -27.624
TNS   : -410.072

Type  : Slow 1100mV 0C Model Hold 'IMAGE_CONTROL|CLOCK_BLOCK|pll_40mhz_inst|altera_pll_i|general[0].gpll~PLL_OUTPUT_COUNTER|divclk'
Slack : 0.311
TNS   : 0.000

Type  : Slow 1100mV 0C Model Minimum Pulse Width 'IMAGE_CONTROL|CLOCK_BLOCK|pll_40mhz_inst|altera_pll_i|general[0].gpll~FRACTIONAL_PLL|vcoph[0]'
Slack : 1.562
TNS   : 0.000

Type  : Slow 1100mV 0C Model Minimum Pulse Width 'IN_CLK'
Slack : 9.926
TNS   : 0.000

Type  : Slow 1100mV 0C Model Minimum Pulse Width 'IMAGE_CONTROL|CLOCK_BLOCK|pll_40mhz_inst|altera_pll_i|general[0].gpll~PLL_OUTPUT_COUNTER|divclk'
Slack : 11.238
TNS   : 0.000

Type  : Fast 1100mV 85C Model Setup 'IMAGE_CONTROL|CLOCK_BLOCK|pll_40mhz_inst|altera_pll_i|general[0].gpll~PLL_OUTPUT_COUNTER|divclk'
Slack : -3.716
TNS   : -51.244

Type  : Fast 1100mV 85C Model Hold 'IMAGE_CONTROL|CLOCK_BLOCK|pll_40mhz_inst|altera_pll_i|general[0].gpll~PLL_OUTPUT_COUNTER|divclk'
Slack : 0.178
TNS   : 0.000

Type  : Fast 1100mV 85C Model Minimum Pulse Width 'IMAGE_CONTROL|CLOCK_BLOCK|pll_40mhz_inst|altera_pll_i|general[0].gpll~FRACTIONAL_PLL|vcoph[0]'
Slack : 1.562
TNS   : 0.000

Type  : Fast 1100mV 85C Model Minimum Pulse Width 'IN_CLK'
Slack : 9.643
TNS   : 0.000

Type  : Fast 1100mV 85C Model Minimum Pulse Width 'IMAGE_CONTROL|CLOCK_BLOCK|pll_40mhz_inst|altera_pll_i|general[0].gpll~PLL_OUTPUT_COUNTER|divclk'
Slack : 11.380
TNS   : 0.000

Type  : Fast 1100mV 0C Model Setup 'IMAGE_CONTROL|CLOCK_BLOCK|pll_40mhz_inst|altera_pll_i|general[0].gpll~PLL_OUTPUT_COUNTER|divclk'
Slack : -2.073
TNS   : -27.349

Type  : Fast 1100mV 0C Model Hold 'IMAGE_CONTROL|CLOCK_BLOCK|pll_40mhz_inst|altera_pll_i|general[0].gpll~PLL_OUTPUT_COUNTER|divclk'
Slack : 0.169
TNS   : 0.000

Type  : Fast 1100mV 0C Model Minimum Pulse Width 'IMAGE_CONTROL|CLOCK_BLOCK|pll_40mhz_inst|altera_pll_i|general[0].gpll~FRACTIONAL_PLL|vcoph[0]'
Slack : 1.562
TNS   : 0.000

Type  : Fast 1100mV 0C Model Minimum Pulse Width 'IN_CLK'
Slack : 9.632
TNS   : 0.000

Type  : Fast 1100mV 0C Model Minimum Pulse Width 'IMAGE_CONTROL|CLOCK_BLOCK|pll_40mhz_inst|altera_pll_i|general[0].gpll~PLL_OUTPUT_COUNTER|divclk'
Slack : 11.380
TNS   : 0.000

------------------------------------------------------------
