------------------------------------------------------------
Timing Analyzer Summary
------------------------------------------------------------

Type  : Slow 1100mV 85C Model Setup 'IMAGE_CONTROL|CLOCK_BLOCK|pll_40mhz_inst|altera_pll_i|general[0].gpll~PLL_OUTPUT_COUNTER|divclk'
Slack : -26.173
TNS   : -384.251

Type  : Slow 1100mV 85C Model Hold 'IMAGE_CONTROL|CLOCK_BLOCK|pll_40mhz_inst|altera_pll_i|general[0].gpll~PLL_OUTPUT_COUNTER|divclk'
Slack : 0.361
TNS   : 0.000

Type  : Slow 1100mV 85C Model Minimum Pulse Width 'IMAGE_CONTROL|CLOCK_BLOCK|pll_40mhz_inst|altera_pll_i|general[0].gpll~FRACTIONAL_PLL|vcoph[0]'
Slack : 1.562
TNS   : 0.000

Type  : Slow 1100mV 85C Model Minimum Pulse Width 'IN_CLK'
Slack : 9.900
TNS   : 0.000

Type  : Slow 1100mV 85C Model Minimum Pulse Width 'IMAGE_CONTROL|CLOCK_BLOCK|pll_40mhz_inst|altera_pll_i|general[0].gpll~PLL_OUTPUT_COUNTER|divclk'
Slack : 11.260
TNS   : 0.000

Type  : Slow 1100mV 0C Model Setup 'IMAGE_CONTROL|CLOCK_BLOCK|pll_40mhz_inst|altera_pll_i|general[0].gpll~PLL_OUTPUT_COUNTER|divclk'
Slack : -27.406
TNS   : -401.401

Type  : Slow 1100mV 0C Model Hold 'IMAGE_CONTROL|CLOCK_BLOCK|pll_40mhz_inst|altera_pll_i|general[0].gpll~PLL_OUTPUT_COUNTER|divclk'
Slack : 0.359
TNS   : 0.000

Type  : Slow 1100mV 0C Model Minimum Pulse Width 'IMAGE_CONTROL|CLOCK_BLOCK|pll_40mhz_inst|altera_pll_i|general[0].gpll~FRACTIONAL_PLL|vcoph[0]'
Slack : 1.562
TNS   : 0.000

Type  : Slow 1100mV 0C Model Minimum Pulse Width 'IN_CLK'
Slack : 9.926
TNS   : 0.000

Type  : Slow 1100mV 0C Model Minimum Pulse Width 'IMAGE_CONTROL|CLOCK_BLOCK|pll_40mhz_inst|altera_pll_i|general[0].gpll~PLL_OUTPUT_COUNTER|divclk'
Slack : 11.235
TNS   : 0.000

Type  : Fast 1100mV 85C Model Setup 'IMAGE_CONTROL|CLOCK_BLOCK|pll_40mhz_inst|altera_pll_i|general[0].gpll~PLL_OUTPUT_COUNTER|divclk'
Slack : -3.131
TNS   : -45.820

Type  : Fast 1100mV 85C Model Hold 'IMAGE_CONTROL|CLOCK_BLOCK|pll_40mhz_inst|altera_pll_i|general[0].gpll~PLL_OUTPUT_COUNTER|divclk'
Slack : 0.177
TNS   : 0.000

Type  : Fast 1100mV 85C Model Minimum Pulse Width 'IMAGE_CONTROL|CLOCK_BLOCK|pll_40mhz_inst|altera_pll_i|general[0].gpll~FRACTIONAL_PLL|vcoph[0]'
Slack : 1.562
TNS   : 0.000

Type  : Fast 1100mV 85C Model Minimum Pulse Width 'IN_CLK'
Slack : 9.643
TNS   : 0.000

Type  : Fast 1100mV 85C Model Minimum Pulse Width 'IMAGE_CONTROL|CLOCK_BLOCK|pll_40mhz_inst|altera_pll_i|general[0].gpll~PLL_OUTPUT_COUNTER|divclk'
Slack : 11.380
TNS   : 0.000

Type  : Fast 1100mV 0C Model Setup 'IMAGE_CONTROL|CLOCK_BLOCK|pll_40mhz_inst|altera_pll_i|general[0].gpll~PLL_OUTPUT_COUNTER|divclk'
Slack : -1.611
TNS   : -22.365

Type  : Fast 1100mV 0C Model Hold 'IMAGE_CONTROL|CLOCK_BLOCK|pll_40mhz_inst|altera_pll_i|general[0].gpll~PLL_OUTPUT_COUNTER|divclk'
Slack : 0.168
TNS   : 0.000

Type  : Fast 1100mV 0C Model Minimum Pulse Width 'IMAGE_CONTROL|CLOCK_BLOCK|pll_40mhz_inst|altera_pll_i|general[0].gpll~FRACTIONAL_PLL|vcoph[0]'
Slack : 1.562
TNS   : 0.000

Type  : Fast 1100mV 0C Model Minimum Pulse Width 'IN_CLK'
Slack : 9.632
TNS   : 0.000

Type  : Fast 1100mV 0C Model Minimum Pulse Width 'IMAGE_CONTROL|CLOCK_BLOCK|pll_40mhz_inst|altera_pll_i|general[0].gpll~PLL_OUTPUT_COUNTER|divclk'
Slack : 11.380
TNS   : 0.000

------------------------------------------------------------
